BL51 BANKED LINKER/LOCATER V6.00                                                        10/30/2013  20:49:28  PAGE 1


BL51 BANKED LINKER/LOCATER V6.00, INVOKED BY:
C:\KEIL\C51\BIN\BL51.EXE lcd_test.obj TO lcd_test RAMSIZE (256)


MEMORY MODEL: SMALL


INPUT MODULES INCLUDED:
  lcd_test.obj (LCD_TEST)
  C:\KEIL\C51\LIB\C51S.LIB (?C_STARTUP)
  C:\KEIL\C51\LIB\C51S.LIB (?C_INIT)


LINK MAP OF MODULE:  lcd_test (LCD_TEST)


            TYPE    BASE      LENGTH    RELOCATION   SEGMENT NAME
            -----------------------------------------------------

            * * * * * * *   D A T A   M E M O R Y   * * * * * * *
            REG     0000H     0008H     ABSOLUTE     "REG BANK 0"
            DATA    0008H     0003H     UNIT         ?DT?LCD_TEST
            DATA    000BH     0001H     UNIT         _DATA_GROUP_
            IDATA   000CH     0001H     UNIT         ?STACK

            * * * * * * *   C O D E   M E M O R Y   * * * * * * *
            CODE    0000H     0003H     ABSOLUTE     
            CODE    0003H     008CH     UNIT         ?C_C51STARTUP
            CODE    008FH     0021H     UNIT         ?PR?CLEAR_SCREEN?LCD_TEST
            CODE    00B0H     0021H     UNIT         ?PR?READ_DATA?LCD_TEST
            CODE    00D1H     001CH     UNIT         ?PR?CHECK_BUSY?LCD_TEST
            CODE    00EDH     001CH     UNIT         ?PR?MAIN?LCD_TEST
            CODE    0109H     0018H     UNIT         ?PR?_CHOOSE_SCREEN?LCD_TEST
            CODE    0121H     0014H     UNIT         ?PR?INIT_LCD?LCD_TEST
            CODE    0135H     000DH     UNIT         ?PR?_WRITE_COMMAND?LCD_TEST
            CODE    0142H     000DH     UNIT         ?PR?_WRITE_DATA?LCD_TEST
            CODE    014FH     000AH     UNIT         ?PR?DELAY?LCD_TEST
            CODE    0159H     0007H     UNIT         ?C_INITSEG



OVERLAY MAP OF MODULE:   lcd_test (LCD_TEST)


SEGMENT                               DATA_GROUP 
  +--> CALLED SEGMENT               START    LENGTH
---------------------------------------------------
?C_C51STARTUP                       -----    -----
  +--> ?PR?MAIN?LCD_TEST
  +--> ?C_INITSEG

?PR?MAIN?LCD_TEST                   -----    -----
  +--> ?PR?INIT_LCD?LCD_TEST
  +--> ?PR?CLEAR_SCREEN?LCD_TEST
  +--> ?PR?_CHOOSE_SCREEN?LCD_TEST
  +--> ?PR?_WRITE_COMMAND?LCD_TEST
  +--> ?PR?_WRITE_DATA?LCD_TEST

BL51 BANKED LINKER/LOCATER V6.00                                                      10/30/2013  20:49:28  PAGE 2


?PR?INIT_LCD?LCD_TEST               -----    -----
  +--> ?PR?_WRITE_COMMAND?LCD_TEST

?PR?_WRITE_COMMAND?LCD_TEST         -----    -----
  +--> ?PR?CHECK_BUSY?LCD_TEST
  +--> ?PR?DELAY?LCD_TEST

?PR?CHECK_BUSY?LCD_TEST             000BH    0001H

?PR?CLEAR_SCREEN?LCD_TEST           -----    -----
  +--> ?PR?_CHOOSE_SCREEN?LCD_TEST
  +--> ?PR?_WRITE_COMMAND?LCD_TEST
  +--> ?PR?_WRITE_DATA?LCD_TEST

?PR?_WRITE_DATA?LCD_TEST            -----    -----
  +--> ?PR?CHECK_BUSY?LCD_TEST
  +--> ?PR?DELAY?LCD_TEST



SYMBOL TABLE OF MODULE:  lcd_test (LCD_TEST)

  VALUE           TYPE          NAME
  ----------------------------------

  -------         MODULE        LCD_TEST
  C:0000H         SYMBOL        _ICE_DUMMY_
  D:0080H         PUBLIC        P0
  D:0090H         PUBLIC        P1
  D:00A0H         PUBLIC        P2
  D:00B0H         PUBLIC        P3
  C:0142H         PUBLIC        _write_data
  D:00A8H         PUBLIC        IE
  D:0008H         PUBLIC        rdata
  C:0157H         PUBLIC        delay
  B:00A0H.0       PUBLIC        EN
  D:00B8H         PUBLIC        IP
  C:00B0H         PUBLIC        read_data
  B:00A0H.2       PUBLIC        RS
  C:00EDH         PUBLIC        main
  C:00D1H         PUBLIC        check_busy
  B:00A0H.1       PUBLIC        RW
  D:0098H         PUBLIC        SCON
  D:0088H         PUBLIC        TCON
  B:00A0H.4       PUBLIC        CS1
  B:00A0H.3       PUBLIC        CS2
  C:0109H         PUBLIC        _choose_screen
  C:0121H         PUBLIC        init_lcd
  C:0135H         PUBLIC        _write_command
  D:00C8H         PUBLIC        T2CON
  C:008FH         PUBLIC        clear_screen
  D:0009H         PUBLIC        x
  D:000AH         PUBLIC        y
  D:00D0H         PUBLIC        PSW
  -------         PROC          L?0027
  -------         ENDPROC       L?0027
  -------         PROC          DELAY
BL51 BANKED LINKER/LOCATER V6.00                                                      10/30/2013  20:49:28  PAGE 3


  C:0157H         LINE#         10
  C:0157H         LINE#         11
  C:0158H         LINE#         12
  -------         ENDPROC       DELAY
  -------         PROC          CHECK_BUSY
  -------         DO            
  D:000BH         SYMBOL        count
  -------         ENDDO         
  C:00D1H         LINE#         14
  C:00D1H         LINE#         16
  C:00D3H         LINE#         17
  C:00D5H         LINE#         18
  C:00D7H         LINE#         19
  C:00D7H         LINE#         20
  C:00D9H         LINE#         21
  C:00DEH         LINE#         22
  C:00DEH         LINE#         23
  C:00DEH         LINE#         24
  C:00E0H         LINE#         25
  C:00EAH         LINE#         26
  C:00EAH         LINE#         27
  C:00EAH         LINE#         28
  C:00EAH         LINE#         29
  C:00ECH         LINE#         30
  -------         ENDPROC       CHECK_BUSY
  -------         PROC          _WRITE_COMMAND
  D:0006H         SYMBOL        command
  C:0135H         LINE#         32
  C:0137H         LINE#         33
  C:013AH         LINE#         34
  C:013CH         LINE#         35
  C:013CH         LINE#         36
  C:013CH         LINE#         37
  C:013CH         LINE#         38
  C:013CH         LINE#         39
  C:013FH         LINE#         40
  C:0141H         LINE#         41
  -------         ENDPROC       _WRITE_COMMAND
  -------         PROC          _WRITE_DATA
  D:0006H         SYMBOL        rdata
  C:0142H         LINE#         43
  C:0144H         LINE#         44
  C:0147H         LINE#         45
  C:0149H         LINE#         46
  C:0149H         LINE#         47
  C:0149H         LINE#         48
  C:0149H         LINE#         49
  C:0149H         LINE#         50
  C:014CH         LINE#         51
  C:014EH         LINE#         52
  -------         ENDPROC       _WRITE_DATA
  -------         PROC          _CHOOSE_SCREEN
  D:0007H         SYMBOL        screen
  C:0109H         LINE#         54
  C:0109H         LINE#         55
  C:010CH         LINE#         56
  C:010EH         LINE#         57
BL51 BANKED LINKER/LOCATER V6.00                                                      10/30/2013  20:49:28  PAGE 4


  C:0110H         LINE#         58
  C:0114H         LINE#         59
  C:0116H         LINE#         60
  C:0118H         LINE#         61
  C:011CH         LINE#         62
  C:011EH         LINE#         63
  C:0120H         LINE#         64
  C:0120H         LINE#         65
  -------         ENDPROC       _CHOOSE_SCREEN
  -------         PROC          CLEAR_SCREEN
  -------         DO            
  D:0005H         SYMBOL        x
  D:0004H         SYMBOL        y
  -------         ENDDO         
  C:008FH         LINE#         67
  C:008FH         LINE#         69
  C:0094H         LINE#         70
  C:0096H         LINE#         71
  C:009BH         LINE#         72
  C:00A0H         LINE#         73
  C:00A2H         LINE#         74
  C:00A7H         LINE#         75
  C:00ABH         LINE#         76
  C:00AFH         LINE#         77
  -------         ENDPROC       CLEAR_SCREEN
  -------         PROC          INIT_LCD
  C:0121H         LINE#         79
  C:0121H         LINE#         80
  C:0126H         LINE#         81
  C:012BH         LINE#         82
  C:0130H         LINE#         83
  -------         ENDPROC       INIT_LCD
  -------         PROC          READ_DATA
  -------         DO            
  D:0007H         SYMBOL        rdata
  -------         ENDDO         
  C:00B0H         LINE#         86
  C:00B0H         LINE#         88
  C:00B3H         LINE#         89
  C:00B5H         LINE#         90
  C:00B7H         LINE#         91
  C:00BAH         LINE#         92
  C:00BCH         LINE#         93
  C:00BEH         LINE#         94
  C:00C0H         LINE#         95
  C:00C3H         LINE#         96
  C:00C5H         LINE#         97
  C:00C7H         LINE#         98
  C:00CAH         LINE#         99
  C:00CCH         LINE#         100
  C:00CEH         LINE#         101
  C:00D0H         LINE#         102
  C:00D0H         LINE#         103
  -------         ENDPROC       READ_DATA
  -------         PROC          MAIN
  C:00EDH         LINE#         109
  C:00EDH         LINE#         110
BL51 BANKED LINKER/LOCATER V6.00                                                      10/30/2013  20:49:28  PAGE 5


  C:00F0H         LINE#         111
  C:00F3H         LINE#         112
  C:00F8H         LINE#         113
  C:00FDH         LINE#         114
  C:0102H         LINE#         115
  C:0107H         LINE#         116
  -------         ENDPROC       MAIN
  -------         ENDMOD        LCD_TEST

*** WARNING L16: UNCALLED SEGMENT, IGNORED FOR OVERLAY PROCESS
    SEGMENT: ?PR?READ_DATA?LCD_TEST

Program Size: data=13.0 xdata=0 code=352
LINK/LOCATE RUN COMPLETE.  1 WARNING(S),  0 ERROR(S)
