C51 COMPILER V8.02   GAME                                                                  10/30/2013 22:03:21 PAGE 1   


C51 COMPILER V8.02, COMPILATION OF MODULE GAME
OBJECT MODULE PLACED IN game.OBJ
COMPILER INVOKED BY: C:\Keil\C51\BIN\C51.EXE game.c BROWSE DEBUG OBJECTEXTEND

line level    source

   1          #include <reg52.h>
   2          #include "game.h"
   3          #include "lcd12864.h"
   4          
   5          unsigned char direct[]={2,2,2,2,2};//1:left  2:right  3:up  4:down
   6          unsigned char snakex[]={60,61,62,63,64};
   7          unsigned char snakey[]={32,32,32,32,32};
   8          unsigned int snakelen=5;
   9          unsigned char situation=0;//0: move  1: edge  2:eat
  10          sbit leftb=P3^0;
  11          sbit rightb=P3^1;
  12          sbit upb=P3^2;
  13          sbit downb=P3^3;
  14          
  15          //unsigned char code finish_string[]={"×²Ç½¶øËÀ"};
  16          
  17          void draw(void){
  18   1              unsigned char dotnum=0;
  19   1              first_page();
  20   1              if(situation==0){
  21   2                      while(dotnum<snakelen){
  22   3                              dotnum++;
  23   3                              set_dot(snakex[dotnum],snakey[dotnum]);
  24   3                      }
  25   2              }else if(situation==1){
  26   2                      //display_string(2,2,finish_string);
  27   2                      while(1);
  28   2              }
  29   1              
  30   1      }
  31          
  32          void button(void){
  33   1              if(!leftb){
  34   2                      if(direct[snakelen-2]!=2){
  35   3                              direct[snakelen-1]=1;
  36   3                      }
  37   2              }else if(!rightb){
  38   2                      if(direct[snakelen-2]!=1){
  39   3                              direct[snakelen-1]=2;
  40   3                      }
  41   2              }else if(!upb){
  42   2                      if(direct[snakelen-2]!=4){
  43   3                              direct[snakelen-1]=3;
  44   3                      }
  45   2              }else if(!downb){
  46   2                      if(direct[snakelen-2]!=3){
  47   3                              direct[snakelen-1]=4;
  48   3                      }
  49   2              }
  50   1      }
  51          
  52          void move(void){
  53   1              unsigned char i;
  54   1              //determien situation
  55   1              i=snakelen;
C51 COMPILER V8.02   GAME                                                                  10/30/2013 22:03:21 PAGE 2   

  56   1              switch(direct[i-1]){
  57   2                      case 1: 
  58   2                              if(snakex[i-1]==0){
  59   3                                      situation=1;
  60   3                              } 
  61   2                              break;
  62   2                      case 2: 
  63   2                              if(snakex[i-1]==127){
  64   3                                      situation=1;
  65   3                              } 
  66   2                              break;
  67   2                      case 3: 
  68   2                              if(snakey[i-1]==0){
  69   3                                      situation=1;
  70   3                              } 
  71   2                              break;
  72   2                      case 4: 
  73   2                              if(snakey[i-1]==63){
  74   3                                      situation=1;
  75   3                              } 
  76   2                              break;
  77   2                      default: break;         
  78   2              }
  79   1              //move
  80   1              if(situation==0){
  81   2                      for(i=0;i<snakelen;i++){
  82   3                              switch(direct[i]){
  83   4                                      case 1: snakex[i]-=1;break;
  84   4                                      case 2: snakex[i]+=1;break;
  85   4                                      case 3: snakey[i]-=1;break;
  86   4                                      case 4: snakey[i]+=1;break;
  87   4                                      default: break;
  88   4                              }
  89   3                              if(i!=snakelen-1){
  90   4                                      direct[i]=direct[i+1];
  91   4                              }
  92   3                      }
  93   2              }
  94   1      }
  95          
  96          void rungame(){
  97   1              P1=~P1;
  98   1              move();
  99   1              draw();
 100   1      }


MODULE INFORMATION:   STATIC OVERLAYABLE
   CODE SIZE        =    289    ----
   CONSTANT SIZE    =   ----    ----
   XDATA SIZE       =   ----    ----
   PDATA SIZE       =   ----    ----
   DATA SIZE        =     18       1
   IDATA SIZE       =   ----    ----
   BIT SIZE         =   ----    ----
END OF MODULE INFORMATION.


C51 COMPILATION COMPLETE.  0 WARNING(S),  0 ERROR(S)
